// Jest Snapshot v1, https://goo.gl/fbAQLP

exports[`CardHolder should match snap shot 1`] = `undefined`;
